linux12
Starting mutation SHL-AS for positions 0 
Finished Mutation
Starting mutation INTRA for positions 0 1 
Finished Mutation
Starting mutation AS-AS for positions 3 14 
.Finished Mutation
Starting mutation AS-AS for positions 3 9 
..Finished Mutation
Starting mutation AS-AS for positions 1 8 
...Finished Mutation
Starting mutation AS-AS for positions 0 13 
.Finished Mutation
Starting mutation SHL-AS for positions 0 
Finished Mutation
Starting mutation INTRA for positions 0 1 
Finished Mutation
Starting mutation SHL-AS for positions 0 
Finished Mutation
Starting mutation INTRA for positions 0 1 
Finished Mutation
