linux12
Starting mutation SHL-AS for positions 9 
Finished Mutation
Starting mutation AS-AS for positions 15 18 
Finished Mutation
Starting mutation AS-AS for positions 9 14 
..Finished Mutation
Starting mutation AS-AS for positions 5 10 
....Finished Mutation
Starting mutation AS-AS for positions 2 14 
.Finished Mutation
Starting mutation AS-AS for positions 0 8 
..Finished Mutation
Starting mutation SHL-AS for positions 9 
Finished Mutation
Starting mutation AS-AS for positions 5 8 
...................Finished Mutation
Starting mutation SHL-AS for positions 9 
Finished Mutation
Starting mutation AS-AS for positions 5 8 
Finished Mutation
