linux12
Starting mutation SHL-AS for positions 10 
Finished Mutation
Starting mutation AS-AS for positions 15 17 
...Finished Mutation
Starting mutation AS-AS for positions 9 13 
.....Finished Mutation
Starting mutation AS-AS for positions 6 10 
...Finished Mutation
Starting mutation AS-AS for positions 1 17 
.Finished Mutation
Starting mutation AS-AS for positions 5 7 
.....Finished Mutation
Starting mutation AS-AS for positions 5 7 
...Finished Mutation
