linux12
Starting mutation SHL-AS for positions 11 
Finished Mutation
Starting mutation AS-AS for positions 15 16 
..Finished Mutation
Starting mutation AS-AS for positions 9 12 
.......Finished Mutation
Starting mutation AS-AS for positions 5 18 
Finished Mutation
Starting mutation AS-AS for positions 3 6 
.....Finished Mutation
Starting mutation AS-AS for positions 0 15 
.Finished Mutation
Starting mutation AS-AS for positions 5 6 
...................Finished Mutation
Starting mutation AS-AS for positions 5 6 
..Finished Mutation
