linux12
Starting mutation SHL-AS for positions 12 
Finished Mutation
Starting mutation AS-AS for positions 14 19 
Finished Mutation
Starting mutation AS-AS for positions 9 11 
.Finished Mutation
Starting mutation AS-AS for positions 4 15 
..Finished Mutation
Starting mutation AS-AS for positions 1 6 
...Finished Mutation
Starting mutation AS-AS for positions 4 9 
.Finished Mutation
Starting mutation AS-AS for positions 4 9 
Finished Mutation
