linux12
Starting mutation SHL-AS for positions 13 
Finished Mutation
Starting mutation AS-AS for positions 14 18 
Finished Mutation
Starting mutation AS-AS for positions 9 10 
.Finished Mutation
Starting mutation AS-AS for positions 5 11 
....Finished Mutation
Starting mutation AS-AS for positions 2 6 
...Finished Mutation
Starting mutation AS-AS for positions 4 8 
...Finished Mutation
Starting mutation AS-AS for positions 4 8 
Finished Mutation
