linux12
Starting mutation SHL-AS for positions 14 
Finished Mutation
Starting mutation AS-AS for positions 14 17 
.Finished Mutation
Starting mutation AS-AS for positions 8 19 
..Finished Mutation
Starting mutation AS-AS for positions 5 17 
......Finished Mutation
Starting mutation AS-AS for positions 1 12 
...Finished Mutation
Starting mutation AS-AS for positions 4 7 
Finished Mutation
Starting mutation AS-AS for positions 4 7 
.Finished Mutation
