linux12
Starting mutation SHL-AS for positions 15 
Finished Mutation
Starting mutation AS-AS for positions 14 16 
.Finished Mutation
Starting mutation AS-AS for positions 8 18 
Finished Mutation
Starting mutation AS-AS for positions 4 16 
Finished Mutation
Starting mutation AS-AS for positions 1 11 
Finished Mutation
Starting mutation AS-AS for positions 4 6 
...Finished Mutation
Starting mutation AS-AS for positions 4 6 
.Finished Mutation
