linux12
Starting mutation SHL-AS for positions 16 
Finished Mutation
Starting mutation AS-AS for positions 14 15 
...Finished Mutation
Starting mutation AS-AS for positions 8 17 
.....Finished Mutation
Starting mutation AS-AS for positions 3 19 
Finished Mutation
Starting mutation AS-AS for positions 2 16 
Finished Mutation
Starting mutation AS-AS for positions 0 4 
Finished Mutation
Starting mutation AS-AS for positions 4 5 
....Finished Mutation
Starting mutation AS-AS for positions 4 5 
...Finished Mutation
