linux12
Starting mutation SHL-AS for positions 17 
Finished Mutation
Starting mutation AS-AS for positions 13 19 
.Finished Mutation
Starting mutation AS-AS for positions 8 16 
...Finished Mutation
Starting mutation AS-AS for positions 5 13 
.............Finished Mutation
Starting mutation AS-AS for positions 2 11 
Finished Mutation
Starting mutation AS-AS for positions 3 9 
..Finished Mutation
Starting mutation AS-AS for positions 3 9 
.Finished Mutation
