linux12
Starting mutation SHL-AS for positions 18 
Finished Mutation
Starting mutation AS-AS for positions 13 18 
Finished Mutation
Starting mutation AS-AS for positions 8 15 
..........Finished Mutation
Starting mutation AS-AS for positions 5 7 
.....Finished Mutation
Starting mutation AS-AS for positions 1 13 
..Finished Mutation
Starting mutation AS-AS for positions 3 8 
.....Finished Mutation
Starting mutation AS-AS for positions 3 8 
Finished Mutation
