linux12
Starting mutation SHL-AS for positions 1 
Finished Mutation
Starting mutation TEMPL for positions 
Finished Mutation
Starting mutation AS-AS for positions 10 13 
..Finished Mutation
Starting mutation AS-AS for positions 6 8 
...............Finished Mutation
Starting mutation AS-AS for positions 2 13 
..Finished Mutation
Starting mutation AS-AS for positions 0 1 
Finished Mutation
Starting mutation SHL-AS for positions 1 
Finished Mutation
Starting mutation TEMPL for positions 
Finished Mutation
Starting mutation AS-AS for positions 0 3 
Finished Mutation
Starting mutation SHL-AS for positions 1 
Finished Mutation
Starting mutation TEMPL for positions 
Finished Mutation
Starting mutation AS-AS for positions 0 3 
..Finished Mutation
