linux12
Starting mutation SHL-AS for positions 19 
Finished Mutation
Starting mutation AS-AS for positions 13 17 
...Finished Mutation
Starting mutation AS-AS for positions 8 14 
.....Finished Mutation
Starting mutation AS-AS for positions 4 19 
Finished Mutation
Starting mutation AS-AS for positions 1 9 
.Finished Mutation
Starting mutation AS-AS for positions 3 7 
.Finished Mutation
Starting mutation AS-AS for positions 3 7 
...Finished Mutation
