linux12
Starting mutation AS-AS for positions 13 16 
..Finished Mutation
Starting mutation AS-AS for positions 8 13 
..........Finished Mutation
Starting mutation AS-AS for positions 4 12 
...Finished Mutation
Starting mutation AS-AS for positions 2 7 
Finished Mutation
Starting mutation AS-AS for positions 3 6 
.....Finished Mutation
Starting mutation AS-AS for positions 3 6 
..Finished Mutation
