linux12
Starting mutation AS-AS for positions 13 15 
.......Finished Mutation
Starting mutation AS-AS for positions 8 12 
...............Finished Mutation
Starting mutation AS-AS for positions 4 14 
.Finished Mutation
Starting mutation AS-AS for positions 1 19 
Finished Mutation
Starting mutation AS-AS for positions 3 5 
.......Finished Mutation
Starting mutation AS-AS for positions 3 5 
.......Finished Mutation
