linux12
Starting mutation AS-AS for positions 13 14 
...Finished Mutation
Starting mutation AS-AS for positions 8 11 
...Finished Mutation
Starting mutation AS-AS for positions 6 11 
...Finished Mutation
Starting mutation AS-AS for positions 3 7 
.Finished Mutation
Starting mutation AS-AS for positions 0 10 
Finished Mutation
Starting mutation AS-AS for positions 3 4 
.Finished Mutation
Starting mutation AS-AS for positions 3 4 
...Finished Mutation
