linux12
Starting mutation AS-AS for positions 12 19 
..Finished Mutation
Starting mutation AS-AS for positions 8 10 
...Finished Mutation
Starting mutation AS-AS for positions 4 6 
...Finished Mutation
Starting mutation AS-AS for positions 1 3 
.Finished Mutation
Starting mutation AS-AS for positions 2 9 
.Finished Mutation
Starting mutation AS-AS for positions 2 9 
..Finished Mutation
