linux12
Starting mutation AS-AS for positions 12 18 
Finished Mutation
Starting mutation AS-AS for positions 8 9 
.......Finished Mutation
Starting mutation AS-AS for positions 4 7 
Finished Mutation
Starting mutation AS-AS for positions 2 5 
....Finished Mutation
Starting mutation AS-AS for positions 2 8 
...Finished Mutation
Starting mutation AS-AS for positions 2 8 
Finished Mutation
