linux12
Starting mutation AS-AS for positions 12 17 
.....Finished Mutation
Starting mutation AS-AS for positions 7 19 
Finished Mutation
Starting mutation AS-AS for positions 5 15 
.............Finished Mutation
Starting mutation AS-AS for positions 2 8 
...Finished Mutation
Starting mutation AS-AS for positions 2 7 
Finished Mutation
Starting mutation AS-AS for positions 2 7 
.....Finished Mutation
