linux12
Starting mutation AS-AS for positions 12 16 
...Finished Mutation
Starting mutation AS-AS for positions 7 18 
Finished Mutation
Starting mutation AS-AS for positions 5 16 
....Finished Mutation
Starting mutation AS-AS for positions 2 19 
Finished Mutation
Starting mutation AS-AS for positions 2 6 
...Finished Mutation
Starting mutation AS-AS for positions 2 6 
...Finished Mutation
