linux12
Starting mutation AS-AS for positions 12 15 
..........Finished Mutation
Starting mutation AS-AS for positions 7 17 
.Finished Mutation
Starting mutation AS-AS for positions 4 5 
....Finished Mutation
Starting mutation AS-AS for positions 1 5 
....Finished Mutation
Starting mutation AS-AS for positions 2 5 
....Finished Mutation
Starting mutation AS-AS for positions 2 5 
..........Finished Mutation
