linux12
Starting mutation AS-AS for positions 12 14 
.....Finished Mutation
Starting mutation AS-AS for positions 7 16 
Finished Mutation
Starting mutation AS-AS for positions 4 18 
Finished Mutation
Starting mutation AS-AS for positions 2 12 
...Finished Mutation
Starting mutation AS-AS for positions 2 4 
Finished Mutation
Starting mutation AS-AS for positions 2 4 
.....Finished Mutation
