linux12
Starting mutation SHL-AS for positions 2 
Finished Mutation
Starting mutation AS-AS for positions 18 19 
Finished Mutation
Starting mutation AS-AS for positions 10 12 
...Finished Mutation
Starting mutation AS-AS for positions 6 9 
.......Finished Mutation
Starting mutation AS-AS for positions 3 8 
.....Finished Mutation
Starting mutation AS-AS for positions 0 14 
Finished Mutation
Starting mutation SHL-AS for positions 2 
Finished Mutation
Starting mutation AS-AS for positions 8 9 
.......Finished Mutation
Starting mutation AS-AS for positions 0 2 
Finished Mutation
Starting mutation SHL-AS for positions 2 
Finished Mutation
Starting mutation AS-AS for positions 8 9 
Finished Mutation
Starting mutation AS-AS for positions 0 2 
...Finished Mutation
