linux12
Starting mutation AS-AS for positions 12 13 
..........Finished Mutation
Starting mutation AS-AS for positions 7 15 
...Finished Mutation
Starting mutation AS-AS for positions 5 14 
......Finished Mutation
Starting mutation AS-AS for positions 2 17 
.Finished Mutation
Starting mutation AS-AS for positions 0 3 
Finished Mutation
Starting mutation AS-AS for positions 2 3 
.Finished Mutation
Starting mutation AS-AS for positions 2 3 
..........Finished Mutation
