linux12
Starting mutation AS-AS for positions 11 19 
Finished Mutation
Starting mutation AS-AS for positions 7 14 
.Finished Mutation
Starting mutation AS-AS for positions 5 6 
...................Finished Mutation
Starting mutation AS-AS for positions 1 14 
.Finished Mutation
Starting mutation AS-AS for positions 1 9 
.Finished Mutation
Starting mutation AS-AS for positions 1 9 
Finished Mutation
