linux12
Starting mutation AS-AS for positions 11 18 
Finished Mutation
Starting mutation AS-AS for positions 7 13 
...Finished Mutation
Starting mutation AS-AS for positions 4 11 
Finished Mutation
Starting mutation AS-AS for positions 1 15 
..Finished Mutation
Starting mutation AS-AS for positions 0 5 
..Finished Mutation
Starting mutation AS-AS for positions 1 8 
...Finished Mutation
Starting mutation AS-AS for positions 1 8 
Finished Mutation
