linux12
Starting mutation AS-AS for positions 11 17 
.Finished Mutation
Starting mutation AS-AS for positions 7 12 
....Finished Mutation
Starting mutation AS-AS for positions 5 8 
...................Finished Mutation
Starting mutation AS-AS for positions 1 16 
Finished Mutation
Starting mutation AS-AS for positions 1 7 
Finished Mutation
Starting mutation AS-AS for positions 1 7 
.Finished Mutation
