linux12
Starting mutation AS-AS for positions 11 16 
Finished Mutation
Starting mutation AS-AS for positions 7 11 
Finished Mutation
Starting mutation AS-AS for positions 4 9 
.Finished Mutation
Starting mutation AS-AS for positions 2 4 
Finished Mutation
Starting mutation AS-AS for positions 0 2 
Finished Mutation
Starting mutation AS-AS for positions 1 6 
...Finished Mutation
Starting mutation AS-AS for positions 1 6 
Finished Mutation
