linux12
Starting mutation AS-AS for positions 11 15 
..Finished Mutation
Starting mutation AS-AS for positions 7 10 
Finished Mutation
Starting mutation AS-AS for positions 4 13 
..Finished Mutation
Starting mutation AS-AS for positions 2 10 
Finished Mutation
Starting mutation AS-AS for positions 0 7 
Finished Mutation
Starting mutation AS-AS for positions 1 5 
....Finished Mutation
Starting mutation AS-AS for positions 1 5 
..Finished Mutation
