linux12
Starting mutation AS-AS for positions 11 14 
.Finished Mutation
Starting mutation AS-AS for positions 7 9 
..Finished Mutation
Starting mutation AS-AS for positions 3 17 
.Finished Mutation
Starting mutation AS-AS for positions 2 9 
.Finished Mutation
Starting mutation AS-AS for positions 1 4 
Finished Mutation
Starting mutation AS-AS for positions 1 4 
.Finished Mutation
