linux12
Starting mutation AS-AS for positions 11 13 
..Finished Mutation
Starting mutation AS-AS for positions 7 8 
....Finished Mutation
Starting mutation AS-AS for positions 4 8 
...Finished Mutation
Starting mutation AS-AS for positions 1 2 
Finished Mutation
Starting mutation AS-AS for positions 1 3 
.Finished Mutation
Starting mutation AS-AS for positions 1 3 
..Finished Mutation
