linux12
Starting mutation AS-AS for positions 11 12 
...Finished Mutation
Starting mutation AS-AS for positions 6 19 
..Finished Mutation
Starting mutation AS-AS for positions 4 10 
Finished Mutation
Starting mutation AS-AS for positions 1 7 
Finished Mutation
Starting mutation AS-AS for positions 1 2 
Finished Mutation
Starting mutation AS-AS for positions 1 2 
...Finished Mutation
