linux12
Starting mutation AS-AS for positions 10 19 
Finished Mutation
Starting mutation AS-AS for positions 6 18 
Finished Mutation
Starting mutation AS-AS for positions 3 18 
Finished Mutation
Starting mutation AS-AS for positions 1 10 
Finished Mutation
Starting mutation AS-AS for positions 0 9 
.Finished Mutation
Starting mutation AS-AS for positions 0 9 
Finished Mutation
