linux12
Starting mutation SHL-AS for positions 3 
Finished Mutation
Starting mutation AS-AS for positions 17 19 
Finished Mutation
Starting mutation AS-AS for positions 10 11 
Finished Mutation
Starting mutation AS-AS for positions 6 12 
...............Finished Mutation
Starting mutation AS-AS for positions 3 10 
.Finished Mutation
Starting mutation AS-AS for positions 0 16 
Finished Mutation
Starting mutation SHL-AS for positions 3 
Finished Mutation
Starting mutation AS-AS for positions 7 9 
..Finished Mutation
Starting mutation AS-AS for positions 0 1 
Finished Mutation
Starting mutation SHL-AS for positions 3 
Finished Mutation
Starting mutation AS-AS for positions 7 9 
Finished Mutation
Starting mutation AS-AS for positions 0 1 
Finished Mutation
