linux12
Starting mutation AS-AS for positions 10 18 
Finished Mutation
Starting mutation AS-AS for positions 6 17 
.....Finished Mutation
Starting mutation AS-AS for positions 3 16 
.Finished Mutation
Starting mutation AS-AS for positions 2 3 
.Finished Mutation
Starting mutation AS-AS for positions 0 6 
..Finished Mutation
Starting mutation AS-AS for positions 0 8 
..Finished Mutation
Starting mutation AS-AS for positions 0 8 
Finished Mutation
