linux12
Starting mutation AS-AS for positions 10 17 
.Finished Mutation
Starting mutation AS-AS for positions 6 16 
...Finished Mutation
Starting mutation AS-AS for positions 3 15 
...Finished Mutation
Starting mutation AS-AS for positions 1 4 
Finished Mutation
Starting mutation AS-AS for positions 0 7 
Finished Mutation
Starting mutation AS-AS for positions 0 7 
.Finished Mutation
