linux12
Starting mutation AS-AS for positions 10 16 
Finished Mutation
Starting mutation AS-AS for positions 6 15 
..........Finished Mutation
Starting mutation AS-AS for positions 3 13 
...Finished Mutation
Starting mutation AS-AS for positions 0 19 
Finished Mutation
Starting mutation AS-AS for positions 0 6 
..Finished Mutation
Starting mutation AS-AS for positions 0 6 
Finished Mutation
