linux12
Starting mutation AS-AS for positions 10 15 
..Finished Mutation
Starting mutation AS-AS for positions 6 14 
.....Finished Mutation
Starting mutation AS-AS for positions 3 12 
.....Finished Mutation
Starting mutation AS-AS for positions 0 17 
Finished Mutation
Starting mutation AS-AS for positions 0 5 
..Finished Mutation
Starting mutation AS-AS for positions 0 5 
..Finished Mutation
