linux12
Starting mutation AS-AS for positions 10 14 
.Finished Mutation
Starting mutation AS-AS for positions 6 13 
..........Finished Mutation
Starting mutation AS-AS for positions 3 11 
.Finished Mutation
Starting mutation AS-AS for positions 0 18 
Finished Mutation
Starting mutation AS-AS for positions 0 4 
Finished Mutation
Starting mutation AS-AS for positions 0 4 
.Finished Mutation
