linux12
Starting mutation SHL-AS for positions 4 
Finished Mutation
Starting mutation AS-AS for positions 17 18 
Finished Mutation
Starting mutation AS-AS for positions 9 19 
.Finished Mutation
Starting mutation AS-AS for positions 5 19 
..Finished Mutation
Starting mutation AS-AS for positions 3 5 
.......Finished Mutation
Starting mutation AS-AS for positions 0 11 
Finished Mutation
Starting mutation SHL-AS for positions 4 
Finished Mutation
Starting mutation AS-AS for positions 7 8 
....Finished Mutation
Starting mutation SHL-AS for positions 4 
Finished Mutation
Starting mutation AS-AS for positions 7 8 
Finished Mutation
