linux12
Starting mutation SHL-AS for positions 5 
Finished Mutation
Starting mutation AS-AS for positions 16 19 
Finished Mutation
Starting mutation AS-AS for positions 9 18 
Finished Mutation
Starting mutation AS-AS for positions 4 17 
.Finished Mutation
Starting mutation AS-AS for positions 1 18 
Finished Mutation
Starting mutation SHL-AS for positions 5 
Finished Mutation
Starting mutation AS-AS for positions 6 9 
.......Finished Mutation
Starting mutation SHL-AS for positions 5 
Finished Mutation
Starting mutation AS-AS for positions 6 9 
Finished Mutation
