linux12
Starting mutation SHL-AS for positions 6 
Finished Mutation
Starting mutation AS-AS for positions 16 18 
Finished Mutation
Starting mutation AS-AS for positions 9 17 
..Finished Mutation
Starting mutation AS-AS for positions 5 9 
.........Finished Mutation
Starting mutation AS-AS for positions 2 18 
Finished Mutation
Starting mutation AS-AS for positions 0 12 
..Finished Mutation
Starting mutation SHL-AS for positions 6 
Finished Mutation
Starting mutation AS-AS for positions 6 8 
...............Finished Mutation
Starting mutation SHL-AS for positions 6 
Finished Mutation
Starting mutation AS-AS for positions 6 8 
Finished Mutation
