linux12
Starting mutation SHL-AS for positions 7 
Finished Mutation
Starting mutation AS-AS for positions 16 17 
.Finished Mutation
Starting mutation AS-AS for positions 9 16 
.Finished Mutation
Starting mutation AS-AS for positions 6 7 
....Finished Mutation
Starting mutation AS-AS for positions 3 4 
.Finished Mutation
Starting mutation AS-AS for positions 0 9 
.Finished Mutation
Starting mutation SHL-AS for positions 7 
Finished Mutation
Starting mutation AS-AS for positions 6 7 
....Finished Mutation
Starting mutation SHL-AS for positions 7 
Finished Mutation
Starting mutation AS-AS for positions 6 7 
.Finished Mutation
