linux12
Starting mutation SHL-AS for positions 8 
Finished Mutation
Starting mutation AS-AS for positions 15 19 
.Finished Mutation
Starting mutation AS-AS for positions 9 15 
.....Finished Mutation
Starting mutation AS-AS for positions 5 12 
...................Finished Mutation
Starting mutation AS-AS for positions 2 15 
..Finished Mutation
Starting mutation SHL-AS for positions 8 
Finished Mutation
Starting mutation AS-AS for positions 5 9 
.........Finished Mutation
Starting mutation SHL-AS for positions 8 
Finished Mutation
Starting mutation AS-AS for positions 5 9 
.Finished Mutation
